// Jest Snapshot v1, https://goo.gl/fbAQLP

exports[`given a resource form snapshot test: the html matches 1`] = `
<form
  className="add-resource__form"
  onSubmit={[Function]}
>
  <div
    className="add-resource__input-container"
  >
    <label
      className="add-resource__label"
      htmlFor="title"
    >
      Title:
    </label>
    <input
      autoFocus={true}
      className="add-resource__input"
      name="title"
      onChange={[Function]}
      pattern="^[A-Za-z]{1}(.\\\\s?)*"
      required={true}
      title="Requires a title"
      type="text"
      value=""
    />
  </div>
  <div
    className="add-resource__input-container"
  >
    <label
      className="add-resource__label"
      htmlFor="link"
    >
      Resource Link:
    </label>
    <input
      autoFocus={true}
      className="add-resource__input"
      name="link"
      onChange={[Function]}
      pattern="[(http(s)?):\\\\/\\\\/(www\\\\.)?a-zA-Z0-9@:%._\\\\+~#=]{2,256}\\\\.[a-z]{2,6}\\\\b([-a-zA-Z0-9@:%_\\\\+.~#?&//=]*)"
      required={true}
      title="Please give a valid URL to the resource"
      type="text"
      value=""
    />
  </div>
  <div
    className="add-resource__input-container-with-instruction"
  >
    <div
      className="add-resource__input-container"
    >
      <label
        className="add-resource__label"
        htmlFor="tags"
      >
        Tags:
      </label>
      <input
        autoFocus={true}
        className="add-resource__input"
        name="tags"
        onChange={[Function]}
        pattern="(#\\\\w{3,})+"
        required={true}
        title="Please append each tag with a '#' without spaces."
        type="text"
        value=""
      />
    </div>
    <small
      className="add-resource__instruction"
    >
      Enter tags with a prepending "#" without spaces.
    </small>
  </div>
  <fieldset
    className="media-selection"
  >
    <h3>
      Select Media Type:
    </h3>
    <div>
      <input
        defaultChecked={true}
        id="videomedia"
        name="mediaType"
        onChange={[Function]}
        type="radio"
        value="video"
      />
      <label
        htmlFor="videomedia"
      >
        video
      </label>
    </div>
    <div>
      <input
        defaultChecked={false}
        id="articlemedia"
        name="mediaType"
        onChange={[Function]}
        type="radio"
        value="article"
      />
      <label
        htmlFor="articlemedia"
      >
        article
      </label>
    </div>
    <div>
      <input
        defaultChecked={false}
        id="bookmedia"
        name="mediaType"
        onChange={[Function]}
        type="radio"
        value="book"
      />
      <label
        htmlFor="bookmedia"
      >
        book
      </label>
    </div>
    <div>
      <input
        defaultChecked={false}
        id="tutorialmedia"
        name="mediaType"
        onChange={[Function]}
        type="radio"
        value="tutorial"
      />
      <label
        htmlFor="tutorialmedia"
      >
        tutorial
      </label>
    </div>
    <div>
      <input
        defaultChecked={false}
        id="coursemedia"
        name="mediaType"
        onChange={[Function]}
        type="radio"
        value="course"
      />
      <label
        htmlFor="coursemedia"
      >
        course
      </label>
    </div>
  </fieldset>
  <div
    className="rate"
  >
    <input
      id="star5"
      name="rate"
      onChange={[Function]}
      type="radio"
      value="5"
    />
    <label
      htmlFor="star5"
      title="text"
    >
      5 stars
    </label>
    <input
      id="star4"
      name="rate"
      onChange={[Function]}
      type="radio"
      value="4"
    />
    <label
      htmlFor="star4"
      title="text"
    >
      4 stars
    </label>
    <input
      id="star3"
      name="rate"
      onChange={[Function]}
      type="radio"
      value="3"
    />
    <label
      htmlFor="star3"
      title="text"
    >
      3 stars
    </label>
    <input
      id="star2"
      name="rate"
      onChange={[Function]}
      type="radio"
      value="2"
    />
    <label
      htmlFor="star2"
      title="text"
    >
      2 stars
    </label>
    <input
      id="star1"
      name="rate"
      onChange={[Function]}
      type="radio"
      value="1"
    />
    <label
      htmlFor="star1"
      title="text"
    >
      1 star
    </label>
  </div>
  <input
    className="add-resource__button"
    type="submit"
    value="Submit Resource"
  />
</form>
`;
