// Jest Snapshot v1, https://goo.gl/fbAQLP

exports[`given a resource form snapshot test: the html matches 1`] = `
<form
  className="add-resource__form"
  onSubmit={[Function]}
>
  <label
    htmlFor="title"
  >
    Title:
  </label>
  <input
    autoFocus={true}
    name="title"
    onChange={[Function]}
    pattern="\\\\w{3,}"
    required={true}
    title="Requires a title longer than 3 letters"
    type="text"
    value=""
  />
  <label
    htmlFor="link"
  >
    Resource Link:
  </label>
  <input
    autoFocus={true}
    name="link"
    onChange={[Function]}
    pattern="[(http(s)?):\\\\/\\\\/(www\\\\.)?a-zA-Z0-9@:%._\\\\+~#=]{2,256}\\\\.[a-z]{2,6}\\\\b([-a-zA-Z0-9@:%_\\\\+.~#?&//=]*)"
    required={true}
    title="Please input a URL to the resource"
    type="text"
    value=""
  />
  <label
    htmlFor="tags"
  >
    Tags:
  </label>
  <input
    autoFocus={true}
    name="tags"
    onChange={[Function]}
    pattern="(#\\\\w{3,})+"
    required={true}
    title="Please input tags separated by '#'"
    type="text"
    value=""
  />
  <label
    htmlFor="rating"
  >
    Rating:
  </label>
  <p>
    RATING TO GO HERE
  </p>
  <input
    type="submit"
    value="Submit Resource"
  />
</form>
`;
