// Jest Snapshot v1, https://goo.gl/fbAQLP

exports[`snapshot test: the html matches 1`] = `
<article
  className="resource-card__container"
>
  <a
    className="resource-card__link"
    href="url"
    rel="noreferrer"
    target="_blank"
  >
    <img
      alt="video"
      className="resource-card__image"
      src="/ResourceCardImage/video.jpg"
    />
    <div
      aria-label="Rating of this product is 1 out of 5."
      className="star-container"
      style={
        Object {
          "--rating": 1,
        }
      }
    />
    <h3
      className="resource-card__title"
    >
      title
    </h3>
  </a>
</article>
`;
